]0;~/Desktop/chessR[?1034hJasons-MBP:chessR jasonzivkovic$ git remote add origin https://github.com/JaseZiv/chessR.git
fatal: not a git repository (or any of the parent directories): .git
]0;~/Desktop/chessRJasons-MBP:chessR jasonzivkovic$ git init
Initialized empty Git repository in /Users/jasonzivkovic/Desktop/chessR/.git/
]0;~/Desktop/chessRJasons-MBP:chessR jasonzivkovic$ git add .
]0;~/Desktop/chessRJasons-MBP:chessR jasonzivkovic$ git commit -m "initial commit"
[master (root-commit) 637d6ea] initial commit
 10 files changed, 254 insertions(+)
 create mode 100644 .Rbuildignore
 create mode 100644 .Rproj.user/43FFCE3B/console06/93B1A2D5
 create mode 100644 .Rproj.user/43FFCE3B/console06/93B1A2D5.env
 create mode 100644 .Rproj.user/43FFCE3B/console06/INDEX001
 create mode 100644 .Rproj.user/43FFCE3B/sources/s-82A01DC9/lock_file
 create mode 100644 .Rproj.user/shared/notebooks/patch-chunk-names
 create mode 100644 DESCRIPTION
 create mode 100644 NAMESPACE
 create mode 100644 R/analyse_games.R
 create mode 100644 chessR.Rproj
]0;~/Desktop/chessRJasons-MBP:chessR jasonzivkovic$ git remote add origin https://github.com/JaseZiv/chessR.git
]0;~/Desktop/chessRJasons-MBP:chessR jasonzivkovic$ git push -u origin master
Enumerating objects: 19, done.
Counting objects:   5% (1/19)   Counting objects:  10% (2/19)   Counting objects:  15% (3/19)   Counting objects:  21% (4/19)   Counting objects:  26% (5/19)   Counting objects:  31% (6/19)   Counting objects:  36% (7/19)   Counting objects:  42% (8/19)   Counting objects:  47% (9/19)   Counting objects:  52% (10/19)   Counting objects:  57% (11/19)   Counting objects:  63% (12/19)   Counting objects:  68% (13/19)   Counting objects:  73% (14/19)   Counting objects:  78% (15/19)   Counting objects:  84% (16/19)   Counting objects:  89% (17/19)   Counting objects:  94% (18/19)   Counting objects: 100% (19/19)   Counting objects: 100% (19/19), done.
Delta compression using up to 8 threads
Compressing objects:   9% (1/11)   Compressing objects:  18% (2/11)   Compressing objects:  27% (3/11)   Compressing objects:  36% (4/11)   Compressing objects:  45% (5/11)   Compressing objects:  54% (6/11)   Compressing objects:  63% (7/11)   Compressing objects:  72% (8/11)   Compressing objects:  81% (9/11)   Compressing objects:  90% (10/11)   Compressing objects: 100% (11/11)   Compressing objects: 100% (11/11), done.
Writing objects:   5% (1/19)   Writing objects:  10% (2/19)   Writing objects:  15% (3/19)   Writing objects:  21% (4/19)   Writing objects:  26% (5/19)   Writing objects:  31% (6/19)   Writing objects:  36% (7/19)   Writing objects:  42% (8/19)   Writing objects:  47% (9/19)   Writing objects:  52% (10/19)   Writing objects:  57% (11/19)   Writing objects:  63% (12/19)   Writing objects:  68% (13/19)   Writing objects:  73% (14/19)   Writing objects:  78% (15/19)   Writing objects:  84% (16/19)   Writing objects:  89% (17/19)   Writing objects:  94% (18/19)   Writing objects: 100% (19/19)   Writing objects: 100% (19/19), 4.99 KiB | 1.25 MiB/s, done.
Total 19 (delta 0), reused 0 (delta 0)
To https://github.com/JaseZiv/chessR.git
 * [new branch]      master -> master
Branch 'master' set up to track remote branch 'master' from 'origin'.
]0;~/Desktop/chessRJasons-MBP:chessR jasonzivkovic$ [KJasons-MBP:chessR jasonzivkovic$ git add .
]0;~/Desktop/chessRJasons-MBP:chessR jasonzivkovic$ git commit -m "added[K[K[K[K[Kincluded the first of the functions"
[master 28a37d8] included the first of the functions
 40 files changed, 1192 insertions(+), 75 deletions(-)
 create mode 100644 .Rproj.user/43FFCE3B/sources/prop/1209ECDF
 create mode 100644 .Rproj.user/43FFCE3B/sources/prop/1B225644
 create mode 100644 .Rproj.user/43FFCE3B/sources/prop/5BFE3D22
 create mode 100644 .Rproj.user/43FFCE3B/sources/prop/761BB416
 create mode 100644 .Rproj.user/43FFCE3B/sources/prop/8A5625A3
 create mode 100644 .Rproj.user/43FFCE3B/sources/prop/9DFBC303
 create mode 100644 .Rproj.user/43FFCE3B/sources/prop/FD8A89
 create mode 100644 .Rproj.user/43FFCE3B/sources/prop/INDEX
 create mode 100644 .Rproj.user/43FFCE3B/sources/s-82A01DC9/185998D0-contents
 create mode 100644 .Rproj.user/43FFCE3B/sources/s-82A01DC9/188FB42E
 create mode 100644 .Rproj.user/43FFCE3B/sources/s-82A01DC9/188FB42E-contents
 create mode 100644 .Rproj.user/43FFCE3B/sources/s-82A01DC9/5E40F115-contents
 create mode 100644 .Rproj.user/43FFCE3B/sources/s-82A01DC9/73622B97
 create mode 100644 .Rproj.user/43FFCE3B/sources/s-82A01DC9/73622B97-contents
 create mode 100644 .Rproj.user/43FFCE3B/sources/s-82A01DC9/7B326181-contents
 create mode 100644 .Rproj.user/43FFCE3B/sources/s-82A01DC9/9B92DCE5-contents
 create mode 100644 .Rproj.user/43FFCE3B/sources/s-82A01DC9/9CD743CD-contents
 create mode 100644 .Rproj.user/43FFCE3B/sources/s-82A01DC9/B356B39B-contents
 create mode 100644 .Rproj.user/43FFCE3B/sources/s-82A01DC9/BBFBA379
 create mode 100644 .Rproj.user/43FFCE3B/sources/s-82A01DC9/BBFBA379-contents
 create mode 100644 .Rproj.user/43FFCE3B/sources/s-82A01DC9/C26EF37F
 create mode 100644 .Rproj.user/43FFCE3B/sources/s-82A01DC9/C26EF37F-contents
 create mode 100644 .Rproj.user/43FFCE3B/sources/s-82A01DC9/C8391494-contents
 create mode 100644 .Rproj.user/43FFCE3B/sources/s-82A01DC9/E73BA90F-contents
 create mode 100644 .Rproj.user/43FFCE3B/sources/s-82A01DC9/E84377B3
 create mode 100644 .Rproj.user/43FFCE3B/sources/s-82A01DC9/E84377B3-contents
 create mode 100644 .Rproj.user/shared/notebooks/paths
 create mode 100644 R/chessR.R
 create mode 100644 R/get_raw_game_data.R
 create mode 100644 R/get_top50_leaderboard.R
 create mode 100644 man/analyse_multiple_players.Rd
 create mode 100644 man/analyse_player_games.Rd
 create mode 100644 man/chessR.Rd
 create mode 100644 man/get_raw_game_data.Rd
 create mode 100644 man/get_top50_leaderboard.Rd
]0;~/Desktop/chessRJasons-MBP:chessR jasonzivkovic$ git push
Enumerating objects: 54, done.
Counting objects:   1% (1/54)   Counting objects:   3% (2/54)   Counting objects:   5% (3/54)   Counting objects:   7% (4/54)   Counting objects:   9% (5/54)   Counting objects:  11% (6/54)   Counting objects:  12% (7/54)   Counting objects:  14% (8/54)   Counting objects:  16% (9/54)   Counting objects:  18% (10/54)   Counting objects:  20% (11/54)   Counting objects:  22% (12/54)   Counting objects:  24% (13/54)   Counting objects:  25% (14/54)   Counting objects:  27% (15/54)   Counting objects:  29% (16/54)   Counting objects:  31% (17/54)   Counting objects:  33% (18/54)   Counting objects:  35% (19/54)   Counting objects:  37% (20/54)   Counting objects:  38% (21/54)   Counting objects:  40% (22/54)   Counting objects:  42% (23/54)   Counting objects:  44% (24/54)   Counting objects:  46% (25/54)   Counting objects:  48% (26/54)   Counting objects:  50% (27/54)   Counting objects:  51% (28/54)   Counting objects:  53% (29/54)   Counting objects:  55% (30/54)   Counting objects:  57% (31/54)   Counting objects:  59% (32/54)   Counting objects:  61% (33/54)   Counting objects:  62% (34/54)   Counting objects:  64% (35/54)   Counting objects:  66% (36/54)   Counting objects:  68% (37/54)   Counting objects:  70% (38/54)   Counting objects:  72% (39/54)   Counting objects:  74% (40/54)   Counting objects:  75% (41/54)   Counting objects:  77% (42/54)   Counting objects:  79% (43/54)   Counting objects:  81% (44/54)   Counting objects:  83% (45/54)   Counting objects:  85% (46/54)   Counting objects:  87% (47/54)   Counting objects:  88% (48/54)   Counting objects:  90% (49/54)   Counting objects:  92% (50/54)   Counting objects:  94% (51/54)   Counting objects:  96% (52/54)   Counting objects:  98% (53/54)   Counting objects: 100% (54/54)   Counting objects: 100% (54/54), done.
Delta compression using up to 8 threads
Compressing objects:   2% (1/40)   Compressing objects:   5% (2/40)   Compressing objects:   7% (3/40)   Compressing objects:  10% (4/40)   Compressing objects:  12% (5/40)   Compressing objects:  15% (6/40)   Compressing objects:  17% (7/40)   Compressing objects:  20% (8/40)   Compressing objects:  22% (9/40)   Compressing objects:  25% (10/40)   Compressing objects:  27% (11/40)   Compressing objects:  30% (12/40)   Compressing objects:  32% (13/40)   Compressing objects:  35% (14/40)   Compressing objects:  37% (15/40)   Compressing objects:  40% (16/40)   Compressing objects:  42% (17/40)   Compressing objects:  45% (18/40)   Compressing objects:  47% (19/40)   Compressing objects:  50% (20/40)   Compressing objects:  52% (21/40)   Compressing objects:  55% (22/40)   Compressing objects:  57% (23/40)   Compressing objects:  60% (24/40)   Compressing objects:  62% (25/40)   Compressing objects:  65% (26/40)   Compressing objects:  67% (27/40)   Compressing objects:  70% (28/40)   Compressing objects:  72% (29/40)   Compressing objects:  75% (30/40)   Compressing objects:  77% (31/40)   Compressing objects:  80% (32/40)   Compressing objects:  82% (33/40)   Compressing objects:  85% (34/40)   Compressing objects:  87% (35/40)   Compressing objects:  90% (36/40)   Compressing objects:  92% (37/40)   Compressing objects:  95% (38/40)   Compressing objects:  97% (39/40)   Compressing objects: 100% (40/40)   Compressing objects: 100% (40/40), done.
Writing objects:   2% (1/42)   Writing objects:   4% (2/42)   Writing objects:   7% (3/42)   Writing objects:   9% (4/42)   Writing objects:  11% (5/42)   Writing objects:  14% (6/42)   Writing objects:  16% (7/42)   Writing objects:  19% (8/42)   Writing objects:  21% (9/42)   Writing objects:  23% (10/42)   Writing objects:  26% (11/42)   Writing objects:  28% (12/42)   Writing objects:  30% (13/42)   Writing objects:  33% (14/42)   Writing objects:  35% (15/42)   Writing objects:  38% (16/42)   Writing objects:  40% (17/42)   Writing objects:  45% (19/42)   Writing objects:  50% (21/42)   Writing objects:  52% (22/42)   Writing objects:  54% (23/42)   Writing objects:  57% (24/42)   Writing objects:  59% (25/42)   Writing objects:  61% (26/42)   Writing objects:  64% (27/42)   Writing objects:  66% (28/42)   Writing objects:  69% (29/42)   Writing objects:  71% (30/42)   Writing objects:  73% (31/42)   Writing objects:  76% (32/42)   Writing objects:  78% (33/42)   Writing objects:  80% (34/42)   Writing objects:  83% (35/42)   Writing objects:  85% (36/42)   Writing objects:  88% (37/42)   Writing objects:  90% (38/42)   Writing objects:  92% (39/42)   Writing objects:  95% (40/42)   Writing objects:  97% (41/42)   Writing objects: 100% (42/42)   Writing objects: 100% (42/42), 10.62 KiB | 187.00 KiB/s, done.
Total 42 (delta 8), reused 0 (delta 0)
remote: Resolving deltas:   0% (0/8)[Kremote: Resolving deltas:  37% (3/8)[Kremote: Resolving deltas:  75% (6/8)[Kremote: Resolving deltas:  87% (7/8)[Kremote: Resolving deltas: 100% (8/8)[Kremote: Resolving deltas: 100% (8/8), completed with 1 local object.[K
To https://github.com/JaseZiv/chessR.git
   637d6ea..28a37d8  master -> master
]0;~/Desktop/chessR[?1034hJasons-MacBook-Pro:chessR jasonzivkovic$ touch README.md
]0;~/Desktop/chessRJasons-MacBook-Pro:chessR jasonzivkovic$ git add .
]0;~/Desktop/chessRJasons-MacBook-Pro:chessR jasonzivkovic$ git commit -m "added travis and readme"
[master fb9c0ea] added travis and readme
 32 files changed, 128 insertions(+), 828 deletions(-)
 rewrite .Rproj.user/43FFCE3B/console06/INDEX001 (100%)
 delete mode 100644 .Rproj.user/43FFCE3B/sources/s-82A01DC9/185998D0-contents
 delete mode 100644 .Rproj.user/43FFCE3B/sources/s-82A01DC9/188FB42E
 delete mode 100644 .Rproj.user/43FFCE3B/sources/s-82A01DC9/188FB42E-contents
 delete mode 100644 .Rproj.user/43FFCE3B/sources/s-82A01DC9/5E40F115-contents
 delete mode 100644 .Rproj.user/43FFCE3B/sources/s-82A01DC9/73622B97
 delete mode 100644 .Rproj.user/43FFCE3B/sources/s-82A01DC9/73622B97-contents
 delete mode 100644 .Rproj.user/43FFCE3B/sources/s-82A01DC9/7B326181-contents
 delete mode 100644 .Rproj.user/43FFCE3B/sources/s-82A01DC9/9B92DCE5-contents
 delete mode 100644 .Rproj.user/43FFCE3B/sources/s-82A01DC9/9CD743CD-contents
 delete mode 100644 .Rproj.user/43FFCE3B/sources/s-82A01DC9/B356B39B-contents
 delete mode 100644 .Rproj.user/43FFCE3B/sources/s-82A01DC9/BBFBA379
 delete mode 100644 .Rproj.user/43FFCE3B/sources/s-82A01DC9/BBFBA379-contents
 delete mode 100644 .Rproj.user/43FFCE3B/sources/s-82A01DC9/C26EF37F
 delete mode 100644 .Rproj.user/43FFCE3B/sources/s-82A01DC9/C26EF37F-contents
 delete mode 100644 .Rproj.user/43FFCE3B/sources/s-82A01DC9/C8391494-contents
 delete mode 100644 .Rproj.user/43FFCE3B/sources/s-82A01DC9/E73BA90F-contents
 delete mode 100644 .Rproj.user/43FFCE3B/sources/s-82A01DC9/E84377B3
 delete mode 100644 .Rproj.user/43FFCE3B/sources/s-82A01DC9/E84377B3-contents
 delete mode 100644 .Rproj.user/43FFCE3B/sources/s-82A01DC9/lock_file
 create mode 100644 .gitignore
 create mode 100644 .travis.yml
 create mode 100644 README.md
 create mode 100644 vignettes/.gitignore
 create mode 100644 vignettes/using_chessR_package.Rmd
]0;~/Desktop/chessRJasons-MacBook-Pro:chessR jasonzivkovic$ git push
Enumerating objects: 39, done.
Counting objects:   2% (1/39)   Counting objects:   5% (2/39)   Counting objects:   7% (3/39)   Counting objects:  10% (4/39)   Counting objects:  12% (5/39)   Counting objects:  15% (6/39)   Counting objects:  17% (7/39)   Counting objects:  20% (8/39)   Counting objects:  23% (9/39)   Counting objects:  25% (10/39)   Counting objects:  28% (11/39)   Counting objects:  30% (12/39)   Counting objects:  33% (13/39)   Counting objects:  35% (14/39)   Counting objects:  38% (15/39)   Counting objects:  41% (16/39)   Counting objects:  43% (17/39)   Counting objects:  46% (18/39)   Counting objects:  48% (19/39)   Counting objects:  51% (20/39)   Counting objects:  53% (21/39)   Counting objects:  56% (22/39)   Counting objects:  58% (23/39)   Counting objects:  61% (24/39)   Counting objects:  64% (25/39)   Counting objects:  66% (26/39)   Counting objects:  69% (27/39)   Counting objects:  71% (28/39)   Counting objects:  74% (29/39)   Counting objects:  76% (30/39)   Counting objects:  79% (31/39)   Counting objects:  82% (32/39)   Counting objects:  84% (33/39)   Counting objects:  87% (34/39)   Counting objects:  89% (35/39)   Counting objects:  92% (36/39)   Counting objects:  94% (37/39)   Counting objects:  97% (38/39)   Counting objects: 100% (39/39)   Counting objects: 100% (39/39), done.
Delta compression using up to 8 threads
Compressing objects:   5% (1/18)   Compressing objects:  11% (2/18)   Compressing objects:  16% (3/18)   Compressing objects:  22% (4/18)   Compressing objects:  27% (5/18)   Compressing objects:  33% (6/18)   Compressing objects:  38% (7/18)   Compressing objects:  44% (8/18)   Compressing objects:  50% (9/18)   Compressing objects:  55% (10/18)   Compressing objects:  61% (11/18)   Compressing objects:  66% (12/18)   Compressing objects:  72% (13/18)   Compressing objects:  77% (14/18)   Compressing objects:  83% (15/18)   Compressing objects:  88% (16/18)   Compressing objects:  94% (17/18)   Compressing objects: 100% (18/18)   Compressing objects: 100% (18/18), done.
Writing objects:   4% (1/23)   Writing objects:   8% (2/23)   Writing objects:  13% (3/23)   Writing objects:  17% (4/23)   Writing objects:  21% (5/23)   Writing objects:  26% (6/23)   Writing objects:  30% (7/23)   Writing objects:  34% (8/23)   Writing objects:  39% (9/23)   Writing objects:  43% (10/23)   Writing objects:  47% (11/23)   Writing objects:  52% (12/23)   Writing objects:  56% (13/23)   Writing objects:  60% (14/23)   Writing objects:  65% (15/23)   Writing objects:  69% (16/23)   Writing objects:  73% (17/23)   Writing objects:  78% (18/23)   Writing objects:  82% (19/23)   Writing objects:  86% (20/23)   Writing objects:  91% (21/23)   Writing objects:  95% (22/23)   Writing objects: 100% (23/23)   Writing objects: 100% (23/23), 4.65 KiB | 88.00 KiB/s, done.
Total 23 (delta 6), reused 0 (delta 0)
remote: Resolving deltas:   0% (0/6)[Kremote: Resolving deltas:  16% (1/6)[Kremote: Resolving deltas:  33% (2/6)[Kremote: Resolving deltas:  50% (3/6)[Kremote: Resolving deltas:  66% (4/6)[Kremote: Resolving deltas:  83% (5/6)[Kremote: Resolving deltas: 100% (6/6)[Kremote: Resolving deltas: 100% (6/6), completed with 6 local objects.[K
To https://github.com/JaseZiv/chessR.git
   28a37d8..fb9c0ea  master -> master
]0;~/Desktop/chessRJasons-MacBook-Pro:chessR jasonzivkovic$ git pushcommit -m "added travis and readme"add .[K
]0;~/Desktop/chessRJasons-MacBook-Pro:chessR jasonzivkovic$ git add .[1Ppushcommit -m "added travis and readme"[1P"[1P"[1P"[1P"[1P"[1P"[1P"[1P"[1P"[1P"[1P"[1P"[1P"[1P"[1P"[1P"[1P"c"u"r"l" "t"o" "s"u"g"g"e"s"t"e"d" "p"a"c"k"a"g"e"s"
[master 7e2f0bd] added curl to suggested packages
 3 files changed, 43 insertions(+), 3 deletions(-)
]0;~/Desktop/chessRJasons-MacBook-Pro:chessR jasonzivkovic$ git push
Enumerating objects: 19, done.
Counting objects:   5% (1/19)   Counting objects:  10% (2/19)   Counting objects:  15% (3/19)   Counting objects:  21% (4/19)   Counting objects:  26% (5/19)   Counting objects:  31% (6/19)   Counting objects:  36% (7/19)   Counting objects:  42% (8/19)   Counting objects:  47% (9/19)   Counting objects:  52% (10/19)   Counting objects:  57% (11/19)   Counting objects:  63% (12/19)   Counting objects:  68% (13/19)   Counting objects:  73% (14/19)   Counting objects:  78% (15/19)   Counting objects:  84% (16/19)   Counting objects:  89% (17/19)   Counting objects:  94% (18/19)   Counting objects: 100% (19/19)   Counting objects: 100% (19/19), done.
Delta compression using up to 8 threads
Compressing objects:  11% (1/9)   Compressing objects:  22% (2/9)   Compressing objects:  33% (3/9)   Compressing objects:  44% (4/9)   Compressing objects:  55% (5/9)   Compressing objects:  66% (6/9)   Compressing objects:  77% (7/9)   Compressing objects:  88% (8/9)   Compressing objects: 100% (9/9)   Compressing objects: 100% (9/9), done.
Writing objects:  10% (1/10)   Writing objects:  20% (2/10)   Writing objects:  30% (3/10)   Writing objects:  40% (4/10)   Writing objects:  50% (5/10)   Writing objects:  60% (6/10)   Writing objects:  70% (7/10)   Writing objects:  80% (8/10)   Writing objects:  90% (9/10)   Writing objects: 100% (10/10)   Writing objects: 100% (10/10), 1.75 KiB | 895.00 KiB/s, done.
Total 10 (delta 4), reused 0 (delta 0)
remote: Resolving deltas:   0% (0/4)[Kremote: Resolving deltas:  25% (1/4)[Kremote: Resolving deltas:  50% (2/4)[Kremote: Resolving deltas:  75% (3/4)[Kremote: Resolving deltas: 100% (4/4)[Kremote: Resolving deltas: 100% (4/4), completed with 4 local objects.[K
To https://github.com/JaseZiv/chessR.git
   fb9c0ea..7e2f0bd  master -> master
]0;~/Desktop/chessRJasons-MacBook-Pro:chessR jasonzivkovic$ git add .
]0;~/Desktop/chessRJasons-MacBook-Pro:chessR jasonzivkovic$ git commit -m "updated travise[K.yml[C[C travis.ymlw travis.ymla travis.ymlr travis.ymln travis.ymli travis.ymln travis.ymlg travis.ymls travis.yml[C travis.ymla travis.ymls travis.yml[C travis.ymle travis.ymlr travis.ymlr travis.ymlo travis.ymlr travis.ymls travis.yml[C travis.ymla travis.ymls travis.yml[C travis.ymlf travis.ymla travis.ymll travis.ymle travis.ymls travis.yml[C travis.ymli travis.ymln travis.yml[C[C[C[C[C[C[C[C[C[C[C"
[master b2144de] updated warnings as errors as fales in travis.yml
 2 files changed, 17 insertions(+), 1 deletion(-)
]0;~/Desktop/chessRJasons-MacBook-Pro:chessR jasonzivkovic$ git push
Enumerating objects: 13, done.
Counting objects:   7% (1/13)   Counting objects:  15% (2/13)   Counting objects:  23% (3/13)   Counting objects:  30% (4/13)   Counting objects:  38% (5/13)   Counting objects:  46% (6/13)   Counting objects:  53% (7/13)   Counting objects:  61% (8/13)   Counting objects:  69% (9/13)   Counting objects:  76% (10/13)   Counting objects:  84% (11/13)   Counting objects:  92% (12/13)   Counting objects: 100% (13/13)   Counting objects: 100% (13/13), done.
Delta compression using up to 8 threads
Compressing objects:  14% (1/7)   Compressing objects:  28% (2/7)   Compressing objects:  42% (3/7)   Compressing objects:  57% (4/7)   Compressing objects:  71% (5/7)   Compressing objects:  85% (6/7)   Compressing objects: 100% (7/7)   Compressing objects: 100% (7/7), done.
Writing objects:  14% (1/7)   Writing objects:  28% (2/7)   Writing objects:  42% (3/7)   Writing objects:  57% (4/7)   Writing objects:  71% (5/7)   Writing objects:  85% (6/7)   Writing objects: 100% (7/7)   Writing objects: 100% (7/7), 1.13 KiB | 36.00 KiB/s, done.
Total 7 (delta 2), reused 0 (delta 0)
remote: Resolving deltas:   0% (0/2)[Kremote: Resolving deltas:  50% (1/2)[Kremote: Resolving deltas: 100% (2/2)[Kremote: Resolving deltas: 100% (2/2), completed with 2 local objects.[K
To https://github.com/JaseZiv/chessR.git
   7e2f0bd..b2144de  master -> master
]0;~/Desktop/chessRJasons-MacBook-Pro:chessR jasonzivkovic$ touch README.rmd[K[K[KRmd
]0;~/Desktop/chessRJasons-MacBook-Pro:chessR jasonzivkovic$ git status
On branch master
Your branch is up to date with 'origin/master'.

Changes not staged for commit:
  (use "git add <file>..." to update what will be committed)
  (use "git checkout -- <file>..." to discard changes in working directory)

	[31mmodified:   .Rproj.user/43FFCE3B/console06/93B1A2D5[m
	[31mmodified:   .Rproj.user/43FFCE3B/sources/prop/INDEX[m
	[31mmodified:   .Rproj.user/shared/notebooks/paths[m
	[31mmodified:   README.md[m

Untracked files:
  (use "git add <file>..." to include in what will be committed)

	[31mREADME.Rmd[m

no changes added to commit (use "git add" and/or "git commit -a")
]0;~/Desktop/chessRJasons-MacBook-Pro:chessR jasonzivkovic$ git add .
]0;~/Desktop/chessRJasons-MacBook-Pro:chessR jasonzivkovic$ git commit -m "changer[Kd readme to be .rem[K[Kmd"
[master 2370482] changed readme to be .rmd
 5 files changed, 81 insertions(+), 2 deletions(-)
 create mode 100644 README.Rmd
]0;~/Desktop/chessRJasons-MacBook-Pro:chessR jasonzivkovic$ git push
Enumerating objects: 26, done.
Counting objects:   3% (1/26)   Counting objects:   7% (2/26)   Counting objects:  11% (3/26)   Counting objects:  15% (4/26)   Counting objects:  19% (5/26)   Counting objects:  23% (6/26)   Counting objects:  26% (7/26)   Counting objects:  30% (8/26)   Counting objects:  34% (9/26)   Counting objects:  38% (10/26)   Counting objects:  42% (11/26)   Counting objects:  46% (12/26)   Counting objects:  50% (13/26)   Counting objects:  53% (14/26)   Counting objects:  57% (15/26)   Counting objects:  61% (16/26)   Counting objects:  65% (17/26)   Counting objects:  69% (18/26)   Counting objects:  73% (19/26)   Counting objects:  76% (20/26)   Counting objects:  80% (21/26)   Counting objects:  84% (22/26)   Counting objects:  88% (23/26)   Counting objects:  92% (24/26)   Counting objects:  96% (25/26)   Counting objects: 100% (26/26)   Counting objects: 100% (26/26), done.
Delta compression using up to 8 threads
Compressing objects:   8% (1/12)   Compressing objects:  16% (2/12)   Compressing objects:  25% (3/12)   Compressing objects:  33% (4/12)   Compressing objects:  41% (5/12)   Compressing objects:  50% (6/12)   Compressing objects:  58% (7/12)   Compressing objects:  66% (8/12)   Compressing objects:  75% (9/12)   Compressing objects:  83% (10/12)   Compressing objects:  91% (11/12)   Compressing objects: 100% (12/12)   Compressing objects: 100% (12/12), done.
Writing objects:   7% (1/14)   Writing objects:  14% (2/14)   Writing objects:  21% (3/14)   Writing objects:  28% (4/14)   Writing objects:  35% (5/14)   Writing objects:  42% (6/14)   Writing objects:  50% (7/14)   Writing objects:  57% (8/14)   Writing objects:  64% (9/14)   Writing objects:  71% (10/14)   Writing objects:  78% (11/14)   Writing objects:  85% (12/14)   Writing objects:  92% (13/14)   Writing objects: 100% (14/14)   Writing objects: 100% (14/14), 2.29 KiB | 1.14 MiB/s, done.
Total 14 (delta 6), reused 0 (delta 0)
remote: Resolving deltas:   0% (0/6)[Kremote: Resolving deltas:  16% (1/6)[Kremote: Resolving deltas:  33% (2/6)[Kremote: Resolving deltas:  50% (3/6)[Kremote: Resolving deltas:  66% (4/6)[Kremote: Resolving deltas:  83% (5/6)[Kremote: Resolving deltas: 100% (6/6)[Kremote: Resolving deltas: 100% (6/6), completed with 5 local objects.[K
To https://github.com/JaseZiv/chessR.git
   b2144de..2370482  master -> master
]0;~/Desktop/chessRJasons-MacBook-Pro:chessR jasonzivkovic$ git add .
]0;~/Desktop/chessRJasons-MacBook-Pro:chessR jasonzivkovic$ git commit -m "updated readme"
[master c7cf6ee] updated readme
 5 files changed, 124 insertions(+), 3 deletions(-)
]0;~/Desktop/chessRJasons-MacBook-Pro:chessR jasonzivkovic$ git push
Enumerating objects: 23, done.
Counting objects:   4% (1/23)   Counting objects:   8% (2/23)   Counting objects:  13% (3/23)   Counting objects:  17% (4/23)   Counting objects:  21% (5/23)   Counting objects:  26% (6/23)   Counting objects:  30% (7/23)   Counting objects:  34% (8/23)   Counting objects:  39% (9/23)   Counting objects:  43% (10/23)   Counting objects:  47% (11/23)   Counting objects:  52% (12/23)   Counting objects:  56% (13/23)   Counting objects:  60% (14/23)   Counting objects:  65% (15/23)   Counting objects:  69% (16/23)   Counting objects:  73% (17/23)   Counting objects:  78% (18/23)   Counting objects:  82% (19/23)   Counting objects:  86% (20/23)   Counting objects:  91% (21/23)   Counting objects:  95% (22/23)   Counting objects: 100% (23/23)   Counting objects: 100% (23/23), done.
Delta compression using up to 8 threads
Compressing objects:   9% (1/11)   Compressing objects:  18% (2/11)   Compressing objects:  27% (3/11)   Compressing objects:  36% (4/11)   Compressing objects:  45% (5/11)   Compressing objects:  54% (6/11)   Compressing objects:  63% (7/11)   Compressing objects:  72% (8/11)   Compressing objects:  81% (9/11)   Compressing objects:  90% (10/11)   Compressing objects: 100% (11/11)   Compressing objects: 100% (11/11), done.
Writing objects:   8% (1/12)   Writing objects:  16% (2/12)   Writing objects:  25% (3/12)   Writing objects:  33% (4/12)   Writing objects:  41% (5/12)   Writing objects:  50% (6/12)   Writing objects:  58% (7/12)   Writing objects:  66% (8/12)   Writing objects:  75% (9/12)   Writing objects:  83% (10/12)   Writing objects:  91% (11/12)   Writing objects: 100% (12/12)   Writing objects: 100% (12/12), 2.59 KiB | 2.59 MiB/s, done.
Total 12 (delta 4), reused 0 (delta 0)
remote: Resolving deltas:   0% (0/4)[Kremote: Resolving deltas:  25% (1/4)[Kremote: Resolving deltas:  50% (2/4)[Kremote: Resolving deltas:  75% (3/4)[Kremote: Resolving deltas: 100% (4/4)[Kremote: Resolving deltas: 100% (4/4), completed with 3 local objects.[K
To https://github.com/JaseZiv/chessR.git
   2370482..c7cf6ee  master -> master
]0;~/Desktop/chessRJasons-MacBook-Pro:chessR jasonzivkovic$ git status
On branch master
Your branch is up to date with 'origin/master'.

Changes not staged for commit:
  (use "git add <file>..." to update what will be committed)
  (use "git checkout -- <file>..." to discard changes in working directory)

	[31mmodified:   .Rproj.user/43FFCE3B/console06/93B1A2D5[m
	[31mmodified:   .Rproj.user/43FFCE3B/sources/prop/INDEX[m
	[31mmodified:   .Rproj.user/shared/notebooks/paths[m
	[31mmodified:   vignettes/using_chessR_package.Rmd[m

Untracked files:
  (use "git add <file>..." to include in what will be committed)

	[31m.DS_Store[m

no changes added to commit (use "git add" and/or "git commit -a")
]0;~/Desktop/chessRJasons-MacBook-Pro:chessR jasonzivkovic$ git status
On branch master
Your branch is up to date with 'origin/master'.

Changes not staged for commit:
  (use "git add <file>..." to update what will be committed)
  (use "git checkout -- <file>..." to discard changes in working directory)

	[31mmodified:   .Rproj.user/43FFCE3B/console06/93B1A2D5[m
	[31mmodified:   .Rproj.user/43FFCE3B/sources/prop/INDEX[m
	[31mmodified:   .Rproj.user/shared/notebooks/paths[m
	[31mmodified:   .gitignore[m
	[31mmodified:   vignettes/using_chessR_package.Rmd[m

no changes added to commit (use "git add" and/or "git commit -a")
]0;~/Desktop/chessRJasons-MacBook-Pro:chessR jasonzivkovic$ git add .
]0;~/Desktop/chessRJasons-MacBook-Pro:chessR jasonzivkovic$ git commit -m "updated vignette and gitignore"
[master 0fdb564] updated vignette and gitignore
 5 files changed, 59 insertions(+), 1 deletion(-)
]0;~/Desktop/chessRJasons-MacBook-Pro:chessR jasonzivkovic$ git push
Enumerating objects: 29, done.
Counting objects:   3% (1/29)   Counting objects:   6% (2/29)   Counting objects:  10% (3/29)   Counting objects:  13% (4/29)   Counting objects:  17% (5/29)   Counting objects:  20% (6/29)   Counting objects:  24% (7/29)   Counting objects:  27% (8/29)   Counting objects:  31% (9/29)   Counting objects:  34% (10/29)   Counting objects:  37% (11/29)   Counting objects:  41% (12/29)   Counting objects:  44% (13/29)   Counting objects:  48% (14/29)   Counting objects:  51% (15/29)   Counting objects:  55% (16/29)   Counting objects:  58% (17/29)   Counting objects:  62% (18/29)   Counting objects:  65% (19/29)   Counting objects:  68% (20/29)   Counting objects:  72% (21/29)   Counting objects:  75% (22/29)   Counting objects:  79% (23/29)   Counting objects:  82% (24/29)   Counting objects:  86% (25/29)   Counting objects:  89% (26/29)   Counting objects:  93% (27/29)   Counting objects:  96% (28/29)   Counting objects: 100% (29/29)   Counting objects: 100% (29/29), done.
Delta compression using up to 8 threads
Compressing objects:   7% (1/13)   Compressing objects:  15% (2/13)   Compressing objects:  23% (3/13)   Compressing objects:  30% (4/13)   Compressing objects:  38% (5/13)   Compressing objects:  46% (6/13)   Compressing objects:  53% (7/13)   Compressing objects:  61% (8/13)   Compressing objects:  69% (9/13)   Compressing objects:  76% (10/13)   Compressing objects:  84% (11/13)   Compressing objects:  92% (12/13)   Compressing objects: 100% (13/13)   Compressing objects: 100% (13/13), done.
Writing objects:   6% (1/15)   Writing objects:  13% (2/15)   Writing objects:  20% (3/15)   Writing objects:  26% (4/15)   Writing objects:  33% (5/15)   Writing objects:  40% (6/15)   Writing objects:  46% (7/15)   Writing objects:  53% (8/15)   Writing objects:  60% (9/15)   Writing objects:  66% (10/15)   Writing objects:  73% (11/15)   Writing objects:  80% (12/15)   Writing objects:  86% (13/15)   Writing objects:  93% (14/15)   Writing objects: 100% (15/15)   Writing objects: 100% (15/15), 1.62 KiB | 1.62 MiB/s, done.
Total 15 (delta 7), reused 0 (delta 0)
remote: Resolving deltas:   0% (0/7)[Kremote: Resolving deltas:  14% (1/7)[Kremote: Resolving deltas:  28% (2/7)[Kremote: Resolving deltas:  42% (3/7)[Kremote: Resolving deltas:  57% (4/7)[Kremote: Resolving deltas:  71% (5/7)[Kremote: Resolving deltas:  85% (6/7)[Kremote: Resolving deltas: 100% (7/7)[Kremote: Resolving deltas: 100% (7/7), completed with 7 local objects.[K
To https://github.com/JaseZiv/chessR.git
   c7cf6ee..0fdb564  master -> master
]0;~/Desktop/chessRJasons-MacBook-Pro:chessR jasonzivkovic$ git status
On branch master
Your branch is up to date with 'origin/master'.

Changes not staged for commit:
  (use "git add <file>..." to update what will be committed)
  (use "git checkout -- <file>..." to discard changes in working directory)

	[31mmodified:   .Rproj.user/43FFCE3B/console06/93B1A2D5[m
	[31mmodified:   .Rproj.user/43FFCE3B/sources/prop/1B225644[m
	[31mmodified:   .Rproj.user/43FFCE3B/sources/prop/5BFE3D22[m
	[31mmodified:   R/chessR.R[m

no changes added to commit (use "git add" and/or "git commit -a")
]0;~/Desktop/chessRJasons-MacBook-Pro:chessR jasonzivkovic$ git add R/chessR.R 
]0;~/Desktop/chessRJasons-MacBook-Pro:chessR jasonzivkovic$ git commit -m "updated global variables"
[master e32c990] updated global variables
 1 file changed, 1 insertion(+), 1 deletion(-)
]0;~/Desktop/chessRJasons-MacBook-Pro:chessR jasonzivkovic$ git push
Enumerating objects: 7, done.
Counting objects:  14% (1/7)   Counting objects:  28% (2/7)   Counting objects:  42% (3/7)   Counting objects:  57% (4/7)   Counting objects:  71% (5/7)   Counting objects:  85% (6/7)   Counting objects: 100% (7/7)   Counting objects: 100% (7/7), done.
Delta compression using up to 8 threads
Compressing objects:  25% (1/4)   Compressing objects:  50% (2/4)   Compressing objects:  75% (3/4)   Compressing objects: 100% (4/4)   Compressing objects: 100% (4/4), done.
Writing objects:  25% (1/4)   Writing objects:  50% (2/4)   Writing objects:  75% (3/4)   Writing objects: 100% (4/4)   Writing objects: 100% (4/4), 383 bytes | 383.00 KiB/s, done.
Total 4 (delta 3), reused 0 (delta 0)
remote: Resolving deltas:   0% (0/3)[Kremote: Resolving deltas:  33% (1/3)[Kremote: Resolving deltas:  66% (2/3)[Kremote: Resolving deltas: 100% (3/3)[Kremote: Resolving deltas: 100% (3/3), completed with 3 local objects.[K
To https://github.com/JaseZiv/chessR.git
   0fdb564..e32c990  master -> master
]0;~/Desktop/chessRJasons-MacBook-Pro:chessR jasonzivkovic$ git status
On branch master
Your branch is up to date with 'origin/master'.

Changes not staged for commit:
  (use "git add <file>..." to update what will be committed)
  (use "git checkout -- <file>..." to discard changes in working directory)

	[31mmodified:   .Rproj.user/43FFCE3B/console06/93B1A2D5[m
	[31mmodified:   .Rproj.user/43FFCE3B/sources/prop/1B225644[m
	[31mmodified:   .Rproj.user/43FFCE3B/sources/prop/5BFE3D22[m
	[31mmodified:   R/analyse_games.R[m

no changes added to commit (use "git add" and/or "git commit -a")
]0;~/Desktop/chessRJasons-MacBook-Pro:chessR jasonzivkovic$ git add R/analyse_games.R 
]0;~/Desktop/chessRJasons-MacBook-Pro:chessR jasonzivkovic$ git commit -m "cleaned up variable names and types"
[master 6592eee] cleaned up variable names and types
 1 file changed, 5 insertions(+), 5 deletions(-)
]0;~/Desktop/chessRJasons-MacBook-Pro:chessR jasonzivkovic$ git push
Enumerating objects: 7, done.
Counting objects:  14% (1/7)   Counting objects:  28% (2/7)   Counting objects:  42% (3/7)   Counting objects:  57% (4/7)   Counting objects:  71% (5/7)   Counting objects:  85% (6/7)   Counting objects: 100% (7/7)   Counting objects: 100% (7/7), done.
Delta compression using up to 8 threads
Compressing objects:  25% (1/4)   Compressing objects:  50% (2/4)   Compressing objects:  75% (3/4)   Compressing objects: 100% (4/4)   Compressing objects: 100% (4/4), done.
Writing objects:  25% (1/4)   Writing objects:  50% (2/4)   Writing objects:  75% (3/4)   Writing objects: 100% (4/4)   Writing objects: 100% (4/4), 442 bytes | 442.00 KiB/s, done.
Total 4 (delta 3), reused 0 (delta 0)
remote: Resolving deltas:   0% (0/3)[Kremote: Resolving deltas:  33% (1/3)[Kremote: Resolving deltas:  66% (2/3)[Kremote: Resolving deltas: 100% (3/3)[Kremote: Resolving deltas: 100% (3/3), completed with 3 local objects.[K
To https://github.com/JaseZiv/chessR.git
   e32c990..6592eee  master -> master
]0;~/Desktop/chessRJasons-MacBook-Pro:chessR jasonzivkovic$ [KJasons-MacBook-Pro:chessR jasonzivkovic$ [KJasons-MacBook-Pro:chessR jasonzivkovic$ git status
On branch master
Your branch is up to date with 'origin/master'.

Changes not staged for commit:
  (use "git add <file>..." to update what will be committed)
  (use "git checkout -- <file>..." to discard changes in working directory)

	[31mmodified:   .Rproj.user/43FFCE3B/console06/93B1A2D5[m
	[31mmodified:   .Rproj.user/43FFCE3B/console06/INDEX001[m
	[31mmodified:   .Rproj.user/43FFCE3B/sources/prop/1B225644[m
	[31mmodified:   .Rproj.user/43FFCE3B/sources/prop/5BFE3D22[m
	[31mmodified:   R/analyse_games.R[m

no changes added to commit (use "git add" and/or "git commit -a")
]0;~/Desktop/chessRJasons-MacBook-Pro:chessR jasonzivkovic$ git add .
]0;~/Desktop/chessRJasons-MacBook-Pro:chessR jasonzivkovic$ git commit -m "removed whitespace for start of ending string"
[master a9d6d77] removed whitespace for start of ending string
 5 files changed, 90 insertions(+), 4 deletions(-)
]0;~/Desktop/chessRJasons-MacBook-Pro:chessR jasonzivkovic$ git push
Enumerating objects: 25, done.
Counting objects:   4% (1/25)   Counting objects:   8% (2/25)   Counting objects:  12% (3/25)   Counting objects:  16% (4/25)   Counting objects:  20% (5/25)   Counting objects:  24% (6/25)   Counting objects:  28% (7/25)   Counting objects:  32% (8/25)   Counting objects:  36% (9/25)   Counting objects:  40% (10/25)   Counting objects:  44% (11/25)   Counting objects:  48% (12/25)   Counting objects:  52% (13/25)   Counting objects:  56% (14/25)   Counting objects:  60% (15/25)   Counting objects:  64% (16/25)   Counting objects:  68% (17/25)   Counting objects:  72% (18/25)   Counting objects:  76% (19/25)   Counting objects:  80% (20/25)   Counting objects:  84% (21/25)   Counting objects:  88% (22/25)   Counting objects:  92% (23/25)   Counting objects:  96% (24/25)   Counting objects: 100% (25/25)   Counting objects: 100% (25/25), done.
Delta compression using up to 8 threads
Compressing objects:   8% (1/12)   Compressing objects:  16% (2/12)   Compressing objects:  25% (3/12)   Compressing objects:  33% (4/12)   Compressing objects:  41% (5/12)   Compressing objects:  50% (6/12)   Compressing objects:  58% (7/12)   Compressing objects:  66% (8/12)   Compressing objects:  75% (9/12)   Compressing objects:  83% (10/12)   Compressing objects:  91% (11/12)   Compressing objects: 100% (12/12)   Compressing objects: 100% (12/12), done.
Writing objects:   7% (1/13)   Writing objects:  15% (2/13)   Writing objects:  23% (3/13)   Writing objects:  30% (4/13)   Writing objects:  38% (5/13)   Writing objects:  46% (6/13)   Writing objects:  53% (7/13)   Writing objects:  61% (8/13)   Writing objects:  69% (9/13)   Writing objects:  76% (10/13)   Writing objects:  84% (11/13)   Writing objects:  92% (12/13)   Writing objects: 100% (13/13)   Writing objects: 100% (13/13), 2.05 KiB | 1.02 MiB/s, done.
Total 13 (delta 6), reused 0 (delta 0)
remote: Resolving deltas:   0% (0/6)[Kremote: Resolving deltas:  16% (1/6)[Kremote: Resolving deltas:  33% (2/6)[Kremote: Resolving deltas:  50% (3/6)[Kremote: Resolving deltas:  66% (4/6)[Kremote: Resolving deltas:  83% (5/6)[Kremote: Resolving deltas: 100% (6/6)[Kremote: Resolving deltas: 100% (6/6), completed with 6 local objects.[K
To https://github.com/JaseZiv/chessR.git
   6592eee..a9d6d77  master -> master
]0;~/Desktop/chessRJasons-MacBook-Pro:chessR jasonzivkovic$ git add .
]0;~/Desktop/chessRJasons-MacBook-Pro:chessR jasonzivkovic$ git commit -m "tidied up openings variable[1P[1@O[C[C[C[C[C[C[C[C[C[C[C[C[C[C[C[C"
[master f8b08b0] tidied up Openings variable
 3 files changed, 18 insertions(+), 3 deletions(-)
]0;~/Desktop/chessRJasons-MacBook-Pro:chessR jasonzivkovic$ git push
Enumerating objects: 21, done.
Counting objects:   4% (1/21)   Counting objects:   9% (2/21)   Counting objects:  14% (3/21)   Counting objects:  19% (4/21)   Counting objects:  23% (5/21)   Counting objects:  28% (6/21)   Counting objects:  33% (7/21)   Counting objects:  38% (8/21)   Counting objects:  42% (9/21)   Counting objects:  47% (10/21)   Counting objects:  52% (11/21)   Counting objects:  57% (12/21)   Counting objects:  61% (13/21)   Counting objects:  66% (14/21)   Counting objects:  71% (15/21)   Counting objects:  76% (16/21)   Counting objects:  80% (17/21)   Counting objects:  85% (18/21)   Counting objects:  90% (19/21)   Counting objects:  95% (20/21)   Counting objects: 100% (21/21)   Counting objects: 100% (21/21), done.
Delta compression using up to 8 threads
Compressing objects:  10% (1/10)   Compressing objects:  20% (2/10)   Compressing objects:  30% (3/10)   Compressing objects:  40% (4/10)   Compressing objects:  50% (5/10)   Compressing objects:  60% (6/10)   Compressing objects:  70% (7/10)   Compressing objects:  80% (8/10)   Compressing objects:  90% (9/10)   Compressing objects: 100% (10/10)   Compressing objects: 100% (10/10), done.
Writing objects:   9% (1/11)   Writing objects:  18% (2/11)   Writing objects:  27% (3/11)   Writing objects:  36% (4/11)   Writing objects:  45% (5/11)   Writing objects:  54% (6/11)   Writing objects:  63% (7/11)   Writing objects:  72% (8/11)   Writing objects:  81% (9/11)   Writing objects:  90% (10/11)   Writing objects: 100% (11/11)   Writing objects: 100% (11/11), 1.33 KiB | 682.00 KiB/s, done.
Total 11 (delta 5), reused 0 (delta 0)
remote: Resolving deltas:   0% (0/5)[Kremote: Resolving deltas:  20% (1/5)[Kremote: Resolving deltas:  40% (2/5)[Kremote: Resolving deltas:  60% (3/5)[Kremote: Resolving deltas:  80% (4/5)[Kremote: Resolving deltas: 100% (5/5)[Kremote: Resolving deltas: 100% (5/5), completed with 5 local objects.[K
To https://github.com/JaseZiv/chessR.git
   a9d6d77..f8b08b0  master -> master
]0;~/Desktop/chessRJasons-MacBook-Pro:chessR jasonzivkovic$ git add .
]0;~/Desktop/chessRJasons-MacBook-Pro:chessR jasonzivkovic$ git commit -m "upa[Kdated glog[Kbal variables"
[master 4c25c58] updated global variables
 3 files changed, 16 insertions(+), 2 deletions(-)
]0;~/Desktop/chessRJasons-MacBook-Pro:chessR jasonzivkovic$ git oush
git: 'oush' is not a git command. See 'git --help'.

The most similar command is
	push
]0;~/Desktop/chessRJasons-MacBook-Pro:chessR jasonzivkovic$ git push
Enumerating objects: 21, done.
Counting objects:   4% (1/21)   Counting objects:   9% (2/21)   Counting objects:  14% (3/21)   Counting objects:  19% (4/21)   Counting objects:  23% (5/21)   Counting objects:  28% (6/21)   Counting objects:  33% (7/21)   Counting objects:  38% (8/21)   Counting objects:  42% (9/21)   Counting objects:  47% (10/21)   Counting objects:  52% (11/21)   Counting objects:  57% (12/21)   Counting objects:  61% (13/21)   Counting objects:  66% (14/21)   Counting objects:  71% (15/21)   Counting objects:  76% (16/21)   Counting objects:  80% (17/21)   Counting objects:  85% (18/21)   Counting objects:  90% (19/21)   Counting objects:  95% (20/21)   Counting objects: 100% (21/21)   Counting objects: 100% (21/21), done.
Delta compression using up to 8 threads
Compressing objects:  10% (1/10)   Compressing objects:  20% (2/10)   Compressing objects:  30% (3/10)   Compressing objects:  40% (4/10)   Compressing objects:  50% (5/10)   Compressing objects:  60% (6/10)   Compressing objects:  70% (7/10)   Compressing objects:  80% (8/10)   Compressing objects:  90% (9/10)   Compressing objects: 100% (10/10)   Compressing objects: 100% (10/10), done.
Writing objects:   9% (1/11)   Writing objects:  18% (2/11)   Writing objects:  27% (3/11)   Writing objects:  36% (4/11)   Writing objects:  45% (5/11)   Writing objects:  54% (6/11)   Writing objects:  63% (7/11)   Writing objects:  72% (8/11)   Writing objects:  81% (9/11)   Writing objects:  90% (10/11)   Writing objects: 100% (11/11)   Writing objects: 100% (11/11), 1.36 KiB | 1.36 MiB/s, done.
Total 11 (delta 6), reused 0 (delta 0)
remote: Resolving deltas:   0% (0/6)[Kremote: Resolving deltas:  16% (1/6)[Kremote: Resolving deltas:  33% (2/6)[Kremote: Resolving deltas:  50% (3/6)[Kremote: Resolving deltas:  66% (4/6)[Kremote: Resolving deltas:  83% (5/6)[Kremote: Resolving deltas: 100% (6/6)[Kremote: Resolving deltas: 100% (6/6), completed with 6 local objects.[K
To https://github.com/JaseZiv/chessR.git
   f8b08b0..4c25c58  master -> master
]0;~/Desktop/chessR[?1034hJasons-MacBook-Pro:chessR jasonzivkovic$ git status
On branch master
Your branch is up to date with 'origin/master'.

Changes not staged for commit:
  (use "git add/rm <file>..." to update what will be committed)
  (use "git checkout -- <file>..." to discard changes in working directory)

	[31mmodified:   .Rproj.user/43FFCE3B/console06/93B1A2D5[m
	[31mmodified:   .Rproj.user/43FFCE3B/console06/INDEX001[m
	[31mmodified:   .Rproj.user/43FFCE3B/sources/prop/1B225644[m
	[31mmodified:   NAMESPACE[m
	[31mdeleted:    R/analyse_games.R[m
	[31mdeleted:    man/analyse_multiple_players.Rd[m
	[31mdeleted:    man/analyse_player_games.Rd[m

Untracked files:
  (use "git add <file>..." to include in what will be committed)

	[31mR/get_game_data.R[m
	[31mman/get_chess_data.Rd[m
	[31mman/get_each_player.Rd[m

no changes added to commit (use "git add" and/or "git commit -a")
]0;~/Desktop/chessRJasons-MacBook-Pro:chessR jasonzivkovic$ git add .
]0;~/Desktop/chessRJasons-MacBook-Pro:chessR jasonzivkovic$ git commit -m "removed single player get and only kept multiple player get function"
[master 8dcf2d7] removed single player get and only kept multiple player get function
 8 files changed, 62 insertions(+), 20 deletions(-)
 rewrite .Rproj.user/43FFCE3B/console06/INDEX001 (84%)
 rename R/{analyse_games.R => get_game_data.R} (96%)
 rename man/{analyse_multiple_players.Rd => get_chess_data.Rd} (72%)
 rename man/{analyse_player_games.Rd => get_each_player.Rd} (83%)
]0;~/Desktop/chessRJasons-MacBook-Pro:chessR jasonzivkovic$ git push
Enumerating objects: 30, done.
Counting objects:   3% (1/30)   Counting objects:   6% (2/30)   Counting objects:  10% (3/30)   Counting objects:  13% (4/30)   Counting objects:  16% (5/30)   Counting objects:  20% (6/30)   Counting objects:  23% (7/30)   Counting objects:  26% (8/30)   Counting objects:  30% (9/30)   Counting objects:  33% (10/30)   Counting objects:  36% (11/30)   Counting objects:  40% (12/30)   Counting objects:  43% (13/30)   Counting objects:  46% (14/30)   Counting objects:  50% (15/30)   Counting objects:  53% (16/30)   Counting objects:  56% (17/30)   Counting objects:  60% (18/30)   Counting objects:  63% (19/30)   Counting objects:  66% (20/30)   Counting objects:  70% (21/30)   Counting objects:  73% (22/30)   Counting objects:  76% (23/30)   Counting objects:  80% (24/30)   Counting objects:  83% (25/30)   Counting objects:  86% (26/30)   Counting objects:  90% (27/30)   Counting objects:  93% (28/30)   Counting objects:  96% (29/30)   Counting objects: 100% (30/30)   Counting objects: 100% (30/30), done.
Delta compression using up to 8 threads
Compressing objects:   6% (1/16)   Compressing objects:  12% (2/16)   Compressing objects:  18% (3/16)   Compressing objects:  25% (4/16)   Compressing objects:  31% (5/16)   Compressing objects:  37% (6/16)   Compressing objects:  43% (7/16)   Compressing objects:  50% (8/16)   Compressing objects:  56% (9/16)   Compressing objects:  62% (10/16)   Compressing objects:  68% (11/16)   Compressing objects:  75% (12/16)   Compressing objects:  81% (13/16)   Compressing objects:  87% (14/16)   Compressing objects:  93% (15/16)   Compressing objects: 100% (16/16)   Compressing objects: 100% (16/16), done.
Writing objects:   5% (1/17)   Writing objects:  11% (2/17)   Writing objects:  17% (3/17)   Writing objects:  23% (4/17)   Writing objects:  29% (5/17)   Writing objects:  35% (6/17)   Writing objects:  41% (7/17)   Writing objects:  47% (8/17)   Writing objects:  52% (9/17)   Writing objects:  58% (10/17)   Writing objects:  64% (11/17)   Writing objects:  70% (12/17)   Writing objects:  76% (13/17)   Writing objects:  82% (14/17)   Writing objects:  88% (15/17)   Writing objects:  94% (16/17)   Writing objects: 100% (17/17)   Writing objects: 100% (17/17), 4.04 KiB | 72.00 KiB/s, done.
Total 17 (delta 7), reused 0 (delta 0)
remote: Resolving deltas:   0% (0/7)[Kremote: Resolving deltas:  14% (1/7)[Kremote: Resolving deltas:  28% (2/7)[Kremote: Resolving deltas:  42% (3/7)[Kremote: Resolving deltas:  57% (4/7)[Kremote: Resolving deltas:  71% (5/7)[Kremote: Resolving deltas:  85% (6/7)[Kremote: Resolving deltas: 100% (7/7)[Kremote: Resolving deltas: 100% (7/7), completed with 7 local objects.[K
To https://github.com/JaseZiv/chessR.git
   4c25c58..8dcf2d7  master -> master
]0;~/Desktop/chessRJasons-MacBook-Pro:chessR jasonzivkovic$ [KJasons-MacBook-Pro:chessR jasonzivkovic$ git add Re[KEADME.[K[K[K[K[K[K[K[K[K[K[K[K[K[K[Kgit add .
